
> client@0.1.0 build
> next build

Γû▓ Next.js 16.1.6 (Turbopack)
- Environments: .env.local

  Creating an optimized production build ...
Γ£ô Compiled successfully in 3.4s
  Running TypeScript ...
node.exe : Failed to compile.
At C:\Program Files\nodejs\npm.ps1:29 char:3
+   & $NODE_EXE $NPM_CLI_JS $args
+   ~~~~~~~~~~~~~~~~~~~~~~~~~~~~~
    + CategoryInfo          : NotSpecified: (Failed  
   to compile.:String) [], RemoteException
    + FullyQualifiedErrorId : NativeCommandError
 

./src/lib/api.ts:14:7
Type error: 'config.headers' is possibly 'undefined'.

[0m [90m 12 |[39m     [36mconst[39m token 
[33m=[39m localStorage[33m.[39mgetItem([32m"acce
ssToken"[39m)[33m;[39m
 [90m 13 |[39m     [36mif[39m (token) {
[31m[1m>[22m[39m[90m 14 |[39m       config[33m
.[39mheaders[33m.[39m[33mAuthorization[39m 
[33m=[39m [32m`Bearer ${token}`[39m[33m;[39m
 [90m    |[39m       [31m[1m^[22m[39m
 [90m 15 |[39m     }
 [90m 16 |[39m     [36mreturn[39m 
config[33m;[39m
 [90m 17 |[39m   }[33m,[39m[0m
Next.js build worker exited with code: 1 and signal: 
null
